Part C Analysis Results: 
------------------------------------------------------------
Instruction Footprint Blocks            = 753
Instruction Footprint (in bytes)        = 24096
Data Footprint Blocks                   = 2441019
Data Footprint (in bytes)               = 78112608
Single Memory Chunk Instruction accesses  = 902089980
Multiple Memory Chunk Instruction accesses= 97910027
Single Memory Chunk Data accesses         = 602693513
Multiple Memory Chunk Data accesses       = 2
============================================================
Part D Analysis Results: 
------------------------------------------------------------
Distribution of instruction length Results: 
1 : 38611273
2 : 219201470
3 : 436965694
4 : 75326977
5 : 22047451
6 : 141357282
7 : 51341618
8 : 15085632
10 : 62610

Distribution of number of operands Results: 
0 : 36514
1 : 6147
2 : 597647499
3 : 382870391
4 : 2693851
5 : 14191397
6 : 2554208

Instructions with 2 register read operands  : 533608181
Instructions with 1 register write operand  : 712782411
Instructions with 3 memory operands         : 0
Instructions with 1 memory read operand     : 452706092
Instructions with 2 memory write operands   : 0
Max bytes touched by a memory instruction   : 8
Avg bytes touched by a memory instruction   : 3.485407
Max immediate value                         : 1431655766
Min immediate value                         : -858993459
Max displacement value                      : 135000192
Min displacement value                      : -4848
