Part C Analysis Results: 
------------------------------------------------------------
Instruction Footprint Blocks            = 2953
Instruction Footprint (in bytes)        = 94496
Data Footprint Blocks                   = 1132231
Data Footprint (in bytes)               = 36231392
Single Memory Chunk Instruction accesses  = 977152232
Multiple Memory Chunk Instruction accesses= 22847769
Single Memory Chunk Data accesses         = 485892653
Multiple Memory Chunk Data accesses       = 0
============================================================
Part D Analysis Results: 
------------------------------------------------------------
Distribution of instruction length Results: 
1 : 129712163
2 : 591194824
3 : 125305257
4 : 115815964
5 : 11303792
6 : 15794353
7 : 10815362
8 : 58286

Distribution of number of operands Results: 
0 : 188515
1 : 4602210
2 : 349737513
3 : 403980536
4 : 33854080
5 : 203381864
6 : 4255283

Instructions with 2 register read operands  : 472674528
Instructions with 1 register write operand  : 419395219
Instructions with 3 memory operands         : 0
Instructions with 1 memory read operand     : 138733447
Instructions with 2 memory write operands   : 0
Max bytes touched by a memory instruction   : 8
Avg bytes touched by a memory instruction   : 3.958460
Max immediate value                         : 1073741823
Min immediate value                         : -2147483587
Max displacement value                      : 138634432
Min displacement value                      : -1744
