Part C Analysis Results: 
------------------------------------------------------------
Instruction Footprint Blocks            = 485
Instruction Footprint (in bytes)        = 15520
Data Footprint Blocks                   = 84052
Data Footprint (in bytes)               = 2689664
Single Memory Chunk Instruction accesses  = 927512713
Multiple Memory Chunk Instruction accesses= 72487288
Single Memory Chunk Data accesses         = 623213681
Multiple Memory Chunk Data accesses       = 1000
============================================================
Part D Analysis Results: 
------------------------------------------------------------
Distribution of instruction length Results: 
1 : 25078459
2 : 302860553
3 : 296150913
4 : 270388798
5 : 24861234
6 : 68360208
7 : 416480
8 : 11883356

Distribution of number of operands Results: 
0 : 34887
1 : 3512
2 : 566126761
3 : 432938367
4 : 713115
5 : 159551
6 : 23808

Instructions with 2 register read operands  : 562398802
Instructions with 1 register write operand  : 755280001
Instructions with 3 memory operands         : 0
Instructions with 1 memory read operand     : 547662878
Instructions with 2 memory write operands   : 0
Max bytes touched by a memory instruction   : 8
Avg bytes touched by a memory instruction   : 3.997511
Max immediate value                         : 2147483647
Min immediate value                         : -987654321
Max displacement value                      : 135294312
Min displacement value                      : -580
