Part C Analysis Results: 
------------------------------------------------------------
Instruction Footprint Blocks            = 65
Instruction Footprint (in bytes)        = 2080
Data Footprint Blocks                   = 11672851
Data Footprint (in bytes)               = 373531232
Single Memory Chunk Instruction accesses  = 946574123
Multiple Memory Chunk Instruction accesses= 53425879
Single Memory Chunk Data accesses         = 512817670
Multiple Memory Chunk Data accesses       = 0
============================================================
Part D Analysis Results: 
------------------------------------------------------------
Distribution of instruction length Results: 
1 : 80626424
2 : 485393431
3 : 315526365
4 : 50531222
5 : 22076562
6 : 5249816
7 : 40596182

Distribution of number of operands Results: 
0 : 1477639
2 : 484784790
3 : 457347075
4 : 43834189
5 : 12556309

Instructions with 2 register read operands  : 677530613
Instructions with 1 register write operand  : 770283684
Instructions with 3 memory operands         : 0
Instructions with 1 memory read operand     : 415212722
Instructions with 2 memory write operands   : 0
Max bytes touched by a memory instruction   : 4
Avg bytes touched by a memory instruction   : 4.000000
Max immediate value                         : 1374389535
Min immediate value                         : -100000000
Max displacement value                      : 134957120
Min displacement value                      : -76
