Part C Analysis Results: 
------------------------------------------------------------
Instruction Footprint Blocks            = 645
Instruction Footprint (in bytes)        = 20640
Data Footprint Blocks                   = 5658598
Data Footprint (in bytes)               = 181075136
Single Memory Chunk Instruction accesses  = 936203952
Multiple Memory Chunk Instruction accesses= 63796054
Single Memory Chunk Data accesses         = 463714579
Multiple Memory Chunk Data accesses       = 4806452
============================================================
Part D Analysis Results: 
------------------------------------------------------------
Distribution of instruction length Results: 
1 : 77591064
2 : 441944549
3 : 399698035
4 : 16087417
5 : 3219650
6 : 40002784
7 : 17519595
8 : 3936912

Distribution of number of operands Results: 
0 : 3550
1 : 13
2 : 412391769
3 : 396045279
4 : 188351008
5 : 3208387

Instructions with 2 register read operands  : 578652926
Instructions with 1 register write operand  : 765092931
Instructions with 3 memory operands         : 0
Instructions with 1 memory read operand     : 416818852
Instructions with 2 memory write operands   : 0
Max bytes touched by a memory instruction   : 8
Avg bytes touched by a memory instruction   : 5.270663
Max immediate value                         : 2147483647
Min immediate value                         : -640172613
Max displacement value                      : 135855532
Min displacement value                      : -344
